🌅 [2026-06-24 04:22:50] Starting daily automation...
[dotenv@17.3.1] injecting env (1) from .env.local -- tip: 🔐 prevent building .env in docker: https://dotenvx.com/prebuild
🌅 Starting daily automation...
⏰ 24/06/2026, 04:22:50

📊 Task 1/2: Search Console data pull
⚠️  Skipping (not implemented yet)

📝 Task 2/2: Content generation
🚀 Daily Content Generator
📅 quarta-feira, 24 de junho de 2026

📚 Existing articles: 43
⚠️  No new keywords in queue. Add more to KEYWORD_QUEUE.
💾 Report saved: /Users/vladnikolaev/.openclaw/workspace-freelancer/vovo/automation/data/reports/2026-06-24.json
📄 MD report saved: /Users/vladnikolaev/.openclaw/workspace-freelancer/vovo/reports/2026-06-24.md

✅ Daily automation complete!
🤖 Vovó Daily Report - 2026-06-24

✅ SUCCESS

📝 Content Generation: success
📄 Articles Created: 0
📊 Search Console: skipped (not implemented)

---
Log: automation/data/reports/cron-2026-06-24.log
🌅 [2026-06-24 04:24:08] Starting daily automation...
[dotenv@17.3.1] injecting env (1) from .env.local -- tip: 🛠️  run anywhere with `dotenvx run -- yourcommand`
🌅 Starting daily automation...
⏰ 24/06/2026, 04:24:08

📊 Task 1/2: Search Console data pull
⚠️  Skipping (not implemented yet)

📝 Task 2/2: Content generation
🚀 Daily Content Generator
📅 quarta-feira, 24 de junho de 2026

📚 Existing articles: 43

📝 Generating 3 new articles...

✍️  Generating article for: "golpe pix devolução"
✅ Article generated: "Golpe Pix Devolução: Como Se Proteger"
✅ Saved: /Users/vladnikolaev/.openclaw/workspace-freelancer/vovo/posts/golpe-pix-devolucao.md

✍️  Generating article for: "golpe whatsapp conta clonada"
✅ Article generated: "Golpe WhatsApp Conta Clonada: Saiba como se Proteger"
✅ Saved: /Users/vladnikolaev/.openclaw/workspace-freelancer/vovo/posts/golpe-whatsapp-conta-clonada.md

✍️  Generating article for: "golpe dos correios whatsapp"
✅ Article generated: "Golpe dos Correios WhatsApp: Como se Proteger"
✅ Saved: /Users/vladnikolaev/.openclaw/workspace-freelancer/vovo/posts/golpe-dos-correios-whatsapp.md

✅ Daily content generation complete! (3/3 articles)
💾 Report saved: /Users/vladnikolaev/.openclaw/workspace-freelancer/vovo/automation/data/reports/2026-06-24.json
📄 MD report saved: /Users/vladnikolaev/.openclaw/workspace-freelancer/vovo/reports/2026-06-24.md

✅ Daily automation complete!
🤖 Vovó Daily Report - 2026-06-24

✅ SUCCESS

📝 Content Generation: success
📄 Articles Created: 3
📊 Search Console: skipped (not implemented)

---
Log: automation/data/reports/cron-2026-06-24.log
🌅 [2026-06-24 09:41:03] Starting daily automation...
[dotenv@17.3.1] injecting env (1) from .env.local -- tip: 🛠️  run anywhere with `dotenvx run -- yourcommand`
🌅 Starting daily automation...
⏰ 24/06/2026, 09:41:04

📊 Task 1/2: Search Console data pull
⚠️  Skipping (not implemented yet)

📝 Task 2/2: Content generation
🚀 Daily Content Generator
📅 quarta-feira, 24 de junho de 2026

📚 Existing articles: 46

📝 Generating 3 new articles...

✍️  Generating article for: "como saber se loja online é confiável"
✅ Article generated: "Verificar Loja Online: Como Saber se é Confiável"
✅ Saved: /Users/vladnikolaev/.openclaw/workspace-freelancer/vovo/posts/como-saber-se-loja-online-e-confiavel.md

✍️  Generating article for: "golpe instagram empréstimo"
✅ Article generated: "Golpe Instagram Empréstimo: Como se Proteger"
✅ Saved: /Users/vladnikolaev/.openclaw/workspace-freelancer/vovo/posts/golpe-instagram-emprestimo.md

