🌅 [2026-06-21 04:00:14] Starting daily automation...
[dotenv@17.3.1] injecting env (1) from .env.local -- tip: 🔐 encrypt with Dotenvx: https://dotenvx.com
🌅 Starting daily automation...
⏰ 21/06/2026, 04:00:14

📊 Task 1/2: Search Console data pull
⚠️  Skipping (not implemented yet)

📝 Task 2/2: Content generation
🚀 Daily Content Generator
📅 domingo, 21 de junho de 2026

📚 Existing articles: 34

📝 Generating 3 new articles...

✍️  Generating article for: "golpe bitcoin whatsapp"
✅ Article generated: "Golpe Bitcoin WhatsApp: Como Se Proteger"
✅ Saved: /Users/vladnikolaev/.openclaw/workspace-freelancer/vovo/posts/golpe-bitcoin-whatsapp.md

✍️  Generating article for: "golpe da vaga de emprego falsa"
✅ Article generated: "Golpe da Vaga de Emprego Falsa: Como Se Proteger"
✅ Saved: /Users/vladnikolaev/.openclaw/workspace-freelancer/vovo/posts/golpe-da-vaga-de-emprego-falsa.md

✍️  Generating article for: "golpe do trabalho em casa"
✅ Article generated: "Golpe do Trabalho em Casa: O Que Você Precisa Saber"
✅ Saved: /Users/vladnikolaev/.openclaw/workspace-freelancer/vovo/posts/golpe-do-trabalho-em-casa.md

✅ Daily content generation complete! (3/3 articles)
💾 Report saved: /Users/vladnikolaev/.openclaw/workspace-freelancer/vovo/automation/data/reports/2026-06-21.json
📄 MD report saved: /Users/vladnikolaev/.openclaw/workspace-freelancer/vovo/reports/2026-06-21.md

✅ Daily automation complete!
🤖 Vovó Daily Report - 2026-06-21

✅ SUCCESS

📝 Content Generation: success
📄 Articles Created: 3
📊 Search Console: skipped (not implemented)

---
Log: automation/data/reports/cron-2026-06-21.log
