🌅 [2026-06-19 13:28:34] Starting daily automation...
[dotenv@17.3.1] injecting env (1) from .env.local -- tip: 🛠️  run anywhere with `dotenvx run -- yourcommand`
🌅 Starting daily automation...
⏰ 19/06/2026, 13:28:35

📊 Task 1/2: Search Console data pull
⚠️  Skipping (not implemented yet)

📝 Task 2/2: Content generation
🚀 Daily Content Generator
📅 sexta-feira, 19 de junho de 2026

📚 Existing articles: 25

📝 Generating 3 new articles...

✍️  Generating article for: "como saber se um pix é golpe"
✅ Article generated: "Pix Seguro: Como Identificar Golpes e Proteger Sua Conta"
✅ Saved: /Users/vladnikolaev/.openclaw/workspace-freelancer/vovo/posts/como-saber-se-um-pix-e-golpe.md

✍️  Generating article for: "pix estornado é golpe"
✅ Article generated: "Pix Estornado é Golpe? Saiba como se Proteger"
✅ Saved: /Users/vladnikolaev/.openclaw/workspace-freelancer/vovo/posts/pix-estornado-e-golpe.md

✍️  Generating article for: "golpe do débito automático"
✅ Article generated: "Golpe do Débito Automático: Como Se Proteger"
✅ Saved: /Users/vladnikolaev/.openclaw/workspace-freelancer/vovo/posts/golpe-do-debito-automatico.md

✅ Daily content generation complete! (3/3 articles)
💾 Report saved: /Users/vladnikolaev/.openclaw/workspace-freelancer/vovo/automation/data/reports/2026-06-19.json
📄 MD report saved: /Users/vladnikolaev/.openclaw/workspace-freelancer/vovo/reports/2026-06-19.md

✅ Daily automation complete!
🤖 Vovó Daily Report - 2026-06-19

✅ SUCCESS

📝 Content Generation: success
📄 Articles Created: 3
📊 Search Console: skipped (not implemented)

---
Log: automation/data/reports/cron-2026-06-19.log
🌅 [2026-06-19 13:52:53] Starting daily automation...
[dotenv@17.3.1] injecting env (1) from .env.local -- tip: ⚙️  load multiple .env files with { path: ['.env.local', '.env'] }
🌅 Starting daily automation...
⏰ 19/06/2026, 13:52:53

📊 Task 1/2: Search Console data pull
⚠️  Skipping (not implemented yet)

📝 Task 2/2: Content generation
🚀 Daily Content Generator
📅 sexta-feira, 19 de junho de 2026

📚 Existing articles: 28

📝 Generating 3 new articles...

✍️  Generating article for: "site falso como identificar"
✅ Article generated: "Identifique Sites Falsos: Dicas para Não Cair em Golpes"
✅ Saved: /Users/vladnikolaev/.openclaw/workspace-freelancer/vovo/posts/site-falso-como-identificar.md

✍️  Generating article for: "golpe da entrega falsa correios"
✅ Article generated: "Golpe da Entrega Falsa Correios: Como Se Proteger"
✅ Saved: /Users/vladnikolaev/.openclaw/workspace-freelancer/vovo/posts/golpe-da-entrega-falsa-correios.md

✍️  Generating article for: "golpe mercado livre como evitar"
✅ Article generated: "Golpe Mercado Livre: Como Evitar Perdas Financeiras"
✅ Saved: /Users/vladnikolaev/.openclaw/workspace-freelancer/vovo/posts/golpe-mercado-livre-como-evitar.md

✅ Daily content generation complete! (3/3 articles)
💾 Report saved: /Users/vladnikolaev/.openclaw/workspace-freelancer/vovo/automation/data/reports/2026-06-19.json
📄 MD report saved: /Users/vladnikolaev/.openclaw/workspace-freelancer/vovo/reports/2026-06-19.md

✅ Daily automation complete!
🤖 Vovó Daily Report - 2026-06-19

✅ SUCCESS

📝 Content Generation: success
📄 Articles Created: 3
📊 Search Console: skipped (not implemented)

---
Log: automation/data/reports/cron-2026-06-19.log
